<html>
<body>
<pre>
<h1>µVision Build Log</h1>
<h2>Tool Versions:</h2>
IDE-Version: ¦ÌVision V5.29.0.0
Copyright (C) 2019 ARM Ltd and ARM Germany GmbH. All rights reserved.
License Information: qq wangxueni@aimore.com, qq, LIC=MGX74-F32YP-XAFDC-77ML7-1CVLC-SFJJG
 
Tool Versions:
Toolchain:       MDK-ARM Professional  Version: 5.29.0.0
Toolchain Path:  C:\Keil_v5\ARM\ARMCC\Bin
C Compiler:      Armcc.exe V5.06 update 6 (build 750)
Assembler:       Armasm.exe V5.06 update 6 (build 750)
Linker/Locator:  ArmLink.exe V5.06 update 6 (build 750)
Library Manager: ArmAr.exe V5.06 update 6 (build 750)
Hex Converter:   FromElf.exe V5.06 update 6 (build 750)
CPU DLL:         SARM.DLL V5.29.0.0
Dialog DLL:      DARMP3.DLL
Target DLL:      Segger\JLTAgdi.dll V1.61.0.0
Dialog DLL:      TARMP3.DLL V1.4.0.0
 
<h2>Project:</h2>
C:\Users\wangx\Desktop\DEMO_TEST\bk3432_rope_serial2\bk3432_rope_serial\projects\ble_app_fff0_bond\bk3435.uvproj
Project File Date:  12/21/2020

<h2>Output:</h2>
*** Using Compiler 'V5.06 update 6 (build 750)', folder: 'C:\Keil_v5\ARM\ARMCC\Bin'
Rebuild target 'BK3435_app'
assembling boot_vectors.s...
assembling boot_handlers.s...
compiling user_queue.c...
compiling rope.c...
compiling flash.c...
compiling icu.c...
compiling rwble_hl.c...
compiling user.c...
compiling emi.c...
compiling timer.c...
compiling hilink.c...
app\hilink.h(39): warning:  #1295-D: Deprecated declaration d8GpioInit - give arg types
  void d8GpioInit();
app\hilink.h(40): warning:  #1295-D: Deprecated declaration NumofTurns - give arg types
  void NumofTurns();
app\hilink.c(48): warning:  #1295-D: Deprecated declaration d8GpioInit - give arg types
  void d8GpioInit();
app\hilink.c(171): warning:  #68-D: integer conversion resulted in a change of sign
  	if(len < 3)return -1;
app\hilink.c(172): warning:  #68-D: integer conversion resulted in a change of sign
  	if(buf[len - 3] != xor_get(buf, len - 3))return -1;
app\hilink.c(173): warning:  #68-D: integer conversion resulted in a change of sign
  	if((buf[len - 2] * 256 + buf[len -1]) != hi_crc16(buf, len - 2))return -1;
app\hilink.c(186): warning:  #68-D: integer conversion resulted in a change of sign
  	if(len != AUTH_LEN)return -1;
app\hilink.c(218): warning:  #68-D: integer conversion resulted in a change of sign
  	return -1;
app\hilink.c(297): warning:  #940-D: missing return statement at end of non-void function "hget" 
  }
app\hilink.c(387): warning:  #177-D: variable "initd"  was declared but never referenced
  	static uint8_t initd = 1;
app\hilink.c(516): warning:  #513-D: a value of type "void (*)()" cannot be assigned to an entity of type "void (*)(unsigned char)"
      timer_desc.p_Int_Handler = hi_timer_cb;  	
app\hilink.c(679): warning:  #167-D: argument of type "uint8_t *" is incompatible with parameter of type "const char *"
  		UartCommandDispatch(buf,strlen(buf));
app\hilink.c(717): warning:  #167-D: argument of type "char *" is incompatible with parameter of type "uint8_t *"
  	uart_printf_buf(buf, l);
app\hilink.c(718): warning:  #167-D: argument of type "char *" is incompatible with parameter of type "unsigned char *"
  	uart2_send(buf, l);
app\hilink.c(719): warning:  #940-D: missing return statement at end of non-void function "hi_handle_default" 
  }
app\hilink.c(733): warning:  #223-D: function "icu_set_sleep_mode" declared implicitly
  	icu_set_sleep_mode(1);
app\hilink.c(883): warning:  #177-D: variable "d8_GER1"  was declared but never referenced
  	uint32_t d8_GER1=0;
app\hilink.c(884): warning:  #177-D: variable "d8_GER2"  was declared but never referenced
  	uint32_t d8_GER2=0;
app\hilink.c: 18 warnings, 0 errors
compiling arch_main.c...
app\hilink.h(39): warning:  #1295-D: Deprecated declaration d8GpioInit - give arg types
  void d8GpioInit();
app\hilink.h(40): warning:  #1295-D: Deprecated declaration NumofTurns - give arg types
  void NumofTurns();
app\arch_main.c: 2 warnings, 0 errors
compiling rtc.c...
compiling wdt.c...
compiling adc.c...
compiling intc.c...
compiling rwble.c...
compiling rwip.c...
compiling gpio.c...
compiling pwm.c...
compiling uart2.c...
compiling rf_xvr.c...
compiling uart.c...
compiling diss_task.c...
compiling prf_utils.c...
compiling bass.c...
compiling prf.c...
compiling bass_task.c...
compiling diss.c...
compiling ftmps.c...
compiling oads.c...
compiling fff0s_task.c...
compiling fff0s.c...
compiling oads_task.c...
compiling app_dis.c...
compiling app_batt.c...
compiling app.c...
compiling app_sec.c...
compiling attm_util128.c...
compiling app_fff0.c...
app\hilink.h(39): warning:  #1295-D: Deprecated declaration d8GpioInit - give arg types
  void d8GpioInit();
app\hilink.h(40): warning:  #1295-D: Deprecated declaration NumofTurns - give arg types
  void NumofTurns();
app\app_fff0.c(181): warning:  #167-D: argument of type "uint8_t *" is incompatible with parameter of type "char *"
  		hilink_bt_cb(param->fff2_value, param->length);
app\app_fff0.c(183): warning:  #223-D: function "hilink_set_r_buf" declared implicitly
  		hilink_set_r_buf(param->fff2_value, param->length);
app\app_fff0.c: 4 warnings, 0 errors
compiling app_oads.c...
compiling ftmps_task.c...
..\..\sdk\ble_stack\com\profiles\FTMP\src\ftmps_task.c(533): warning:  #111-D: statement is unreachable
  			break;
..\..\sdk\ble_stack\com\profiles\FTMP\src\ftmps_task.c: 1 warning, 0 errors
compiling app_ftmp.c...
app\app_ftmp.c(245): warning:  #223-D: function "uart2_send" declared implicitly
  		uart2_send(send,3);
app\app_ftmp.c(256): warning:  #223-D: function "uart2_send" declared implicitly
  		uart2_send(send,3);
app\app_ftmp.c(274): warning:  #223-D: function "uart2_send" declared implicitly
  			uart2_send(send,3);	
app\app_ftmp.c(234): warning:  #177-D: variable "status"  was declared but never referenced
  	uint8_t status;
app\app_ftmp.c: 4 warnings, 0 errors
compiling app_task.c...
app\hilink.h(39): warning:  #1295-D: Deprecated declaration d8GpioInit - give arg types
  void d8GpioInit();
app\hilink.h(40): warning:  #1295-D: Deprecated declaration NumofTurns - give arg types
  void NumofTurns();
app\app_task.c(600): warning:  #223-D: function "hi_timer_cb" declared implicitly
      hi_timer_cb();
app\app_task.c: 3 warnings, 0 errors
linking...
Program Size: Code=32722 RO-data=1938 RW-data=260 ZI-data=10904  
FromELF: creating hex file...
After Build - User command #1: fromelf --bin --output .\output\app\bk3432_ble_app.bin .\obj\bk3432_ble_app.axf
After Build - User command #2: .\output\encrypt_app.bat
C:\Users\wangx\Desktop\DEMO_TEST\bk3432_rope_serial2\bk3432_rope_serial\projects\ble_app_fff0_bond>.\output\BinConvert_3432.exe  -oad .\output\bim\bk3432_ble_bim.bin  .\output\stack\bk3432_ble_stack.bin  .\output\app\bk3432_ble_app.bin -m 0x1020 -l 0x17020 -v 0x000D -rom_v 0x000A -e 00000000 00000000 00000000 00000000 
cmd_bin_oad.stack_file_addr :0x1020
binary version hex:0xd; dec:13
Arm Image Binary will be converted to OAD format binary file.....
cmd_bin_oad.stack_file_addr=1020
boot_bin_len=fa0
add stack bin start
oad_stack_app_bin_len=1e900
oad_app_bin_len=8900
e6 d4 31 76 0d 00 40 22 42 42 42 42 ff ff 0a 00 /**< @CREATE_FILE_SUCCESS */
/**< @Download flash file:.\output\app\bk3432_ble_app_merge.bin
/**< @OAD file :.\output\app\bk3432_ble_app_stack.bin,CRC = 0x8a4664a7
/**< @OAD file :.\output\app\bk3432_ble_app_app.bin,CRC = 0x7631d4e6
/**< @author <gang.cheng@bekencorp.com> */
/**< @version v0.3 */
".\obj\bk3432_ble_app.axf" - 0 Error(s), 32 Warning(s).
Build Time Elapsed:  00:00:05
</pre>
</body>
</html>
